// Vitest Snapshot v1, https://vitest.dev/guide/snapshot.html

exports[`FeatureInformation > matches snapshot 1`] = `
<DocumentFragment>
  <h1
    class="text-4xl font-bold mb-4"
  >
    Sign up for Career Profile
  </h1>
  <p
    class="text-lg mb-6"
  >
    Create a Career Profile to keep track of your applications, prepare for the interview process and more.
  </p>
  <p
    class="text-lg text-gray-600 mb-2"
  >
    Additional Features
  </p>
  <div
    class="w-36 h-0.5 bg-gray-300 mb-4"
  />
  <div
    class="space-y-4"
  >
    <div
      data-testid="feature-description"
    >
      <h3>
        Feature 1
      </h3>
      <p>
        Description 1
      </p>
    </div>
    <div
      data-testid="feature-description"
    >
      <h3>
        Feature 2
      </h3>
      <p>
        Description 2
      </p>
    </div>
  </div>
</DocumentFragment>
`;
